
java/net/AbstractPlainSocketImpl.java:158:in `connect': java.net.UnknownHostException: siskiyou.craigslist.org (NativeException)
	from java/net/SocksSocketImpl.java:384:in `connect'
	from java/net/Socket.java:546:in `connect'
	from com/gargoylesoftware/htmlunit/SocksSocketFactory.java:88:in `connectSocket'
	from org/apache/http/impl/conn/DefaultClientConnectionOperator.java:123:in `openConnection'
	from org/apache/http/impl/conn/AbstractPoolEntry.java:147:in `open'
	from org/apache/http/impl/conn/AbstractPooledConnAdapter.java:108:in `open'
	from org/apache/http/impl/client/DefaultRequestDirector.java:415:in `execute'
	from org/apache/http/impl/client/AbstractHttpClient.java:641:in `execute'
	from org/apache/http/impl/client/AbstractHttpClient.java:597:in `execute'
	from com/gargoylesoftware/htmlunit/HttpWebConnection.java:133:in `getResponse'
	from com/gargoylesoftware/htmlunit/WebClient.java:1405:in `loadWebResponseFromWebConnection'
	from com/gargoylesoftware/htmlunit/WebClient.java:1324:in `loadWebResponse'
	from com/gargoylesoftware/htmlunit/WebClient.java:303:in `getPage'
	from com/gargoylesoftware/htmlunit/WebClient.java:369:in `getPage'
	from com/gargoylesoftware/htmlunit/WebClient.java:354:in `getPage'
	from clist.rb:19:in `(root)'

com/gargoylesoftware/htmlunit/html/HTMLParser.java:654:in `handleCharacters': java.lang.NullPointerException: null (NativeException)
	from com/gargoylesoftware/htmlunit/html/HTMLParser.java:446:in `startElement'
	from org.apache.xerces.parsers.AbstractSAXParser:-1:in `startElement'
	from org/cyberneko/html/HTMLTagBalancer.java:1130:in `callStartElement'
	from org/cyberneko/html/HTMLTagBalancer.java:738:in `startElement'
	from org/cyberneko/html/filters/DefaultFilter.java:136:in `startElement'
	from org/cyberneko/html/filters/NamespaceBinder.java:278:in `startElement'
	from org/cyberneko/html/HTMLScanner.java:2633:in `scanStartElement'
	from org/cyberneko/html/HTMLScanner.java:2008:in `scan'
	from org/cyberneko/html/HTMLScanner.java:895:in `scanDocument'
	from org/cyberneko/html/HTMLConfiguration.java:499:in `parse'
	from org/cyberneko/html/HTMLConfiguration.java:452:in `parse'
	from org.apache.xerces.parsers.XMLParser:-1:in `parse'
	from com/gargoylesoftware/htmlunit/html/HTMLParser.java:765:in `parse'
	from com/gargoylesoftware/htmlunit/html/HTMLParser.java:211:in `parse'
	from com/gargoylesoftware/htmlunit/html/HTMLParser.java:165:in `parseHtml'
	from com/gargoylesoftware/htmlunit/DefaultPageCreator.java:225:in `createHtmlPage'
	from com/gargoylesoftware/htmlunit/DefaultPageCreator.java:108:in `createPage'
	from com/gargoylesoftware/htmlunit/WebClient.java:429:in `loadWebResponseInto'
	from com/gargoylesoftware/htmlunit/WebClient.java:2127:in `loadDownloadedResponses'
	from com/gargoylesoftware/htmlunit/javascript/JavaScriptEngine.java:627:in `doProcessPostponedActions'
	from com/gargoylesoftware/htmlunit/javascript/JavaScriptEngine.java:705:in `processPostponedActions'
	from com/gargoylesoftware/htmlunit/html/HtmlElement.java:1265:in `click'
	from com/gargoylesoftware/htmlunit/html/HtmlElement.java:1214:in `click'
	from com/gargoylesoftware/htmlunit/html/HtmlElement.java:1177:in `click'
	from clist.rb:28:in `(root)'

com/gargoylesoftware/htmlunit/WebClient.java:531:in `throwFailingHttpStatusCodeExceptionIfNecessary': com.gargoylesoftware.htmlunit.FailingHttpStatusCodeException: 404 Not Found for http://phoenix.craigslist.org/nph/cto/2215934815.html (NativeException)
	from com/gargoylesoftware/htmlunit/WebClient.java:2128:in `loadDownloadedResponses'
	from com/gargoylesoftware/htmlunit/javascript/JavaScriptEngine.java:627:in `doProcessPostponedActions'
	from com/gargoylesoftware/htmlunit/javascript/JavaScriptEngine.java:705:in `processPostponedActions'
	from com/gargoylesoftware/htmlunit/html/HtmlElement.java:1265:in `click'
	from com/gargoylesoftware/htmlunit/html/HtmlElement.java:1214:in `click'
	from com/gargoylesoftware/htmlunit/html/HtmlElement.java:1177:in `click'
	from clist.rb:31:in `(root)'

Processed 1344 posts.
In site: http://flagstaff.craigslist.org
Date is =>2011-02-23,6:27
Post id is =>2229835179
Category is =>bicycles
Location is=>pick up in Sedona
Tile is =>Mountain Bike-"SCOTT SCALE 50" - $300 (pick up in Sedona)

